// Jest Snapshot v1, https://goo.gl/fbAQLP

exports[`renders 1`] = `
<DocumentFragment>
  <div
    class="more-btn-section"
    data-testid="btn-container"
  >
    <button
      class="MuiButtonBase-root MuiButton-root MuiButton-contained more-btn MuiButton-containedPrimary"
      data-testid="show-more-btn"
      tabindex="0"
      type="button"
    >
      <span
        class="MuiButton-label"
      >
        Show More
      </span>
      <span
        class="MuiTouchRipple-root"
      />
    </button>
  </div>
</DocumentFragment>
`;
